{"timestamp": "2026-07-16T11:00:52.176541+00:00", "level": "INFO", "logger": "src.ingestion.aqi_client", "request_id": "SYSTEM", "correlation_id": "SYSTEM", "message": "Fetching AQI for Lahore", "module": "aqi_client", "line": 36}
{"timestamp": "2026-07-16T11:00:52.330205+00:00", "level": "INFO", "logger": "src.ingestion.aqi_client", "request_id": "SYSTEM", "correlation_id": "SYSTEM", "message": "Fetching AQI for Lahore", "module": "aqi_client", "line": 36}
{"timestamp": "2026-07-16T11:00:52.482188+00:00", "level": "INFO", "logger": "src.ingestion.aqi_client", "request_id": "SYSTEM", "correlation_id": "SYSTEM", "message": "Fetching AQI for Karachi", "module": "aqi_client", "line": 36}
{"timestamp": "2026-07-16T11:00:52.630650+00:00", "level": "INFO", "logger": "src.ingestion.aqi_client", "request_id": "SYSTEM", "correlation_id": "SYSTEM", "message": "Fetching AQI for Karachi", "module": "aqi_client", "line": 36}
{"timestamp": "2026-07-16T11:02:00.821089+00:00", "level": "INFO", "logger": "src.ingestion.weather_client", "request_id": "SYSTEM", "correlation_id": "SYSTEM", "message": "Geocoding Karachi", "module": "weather_client", "line": 136}
{"timestamp": "2026-07-16T11:02:00.988244+00:00", "level": "INFO", "logger": "src.ingestion.weather_client", "request_id": "SYSTEM", "correlation_id": "SYSTEM", "message": "Geocoding Nowhereville", "module": "weather_client", "line": 136}
{"timestamp": "2026-07-16T11:02:01.163851+00:00", "level": "INFO", "logger": "src.ingestion.weather_client", "request_id": "SYSTEM", "correlation_id": "SYSTEM", "message": "Fetching current weather for Karachi", "module": "weather_client", "line": 149}
{"timestamp": "2026-07-16T11:02:01.313205+00:00", "level": "INFO", "logger": "src.ingestion.weather_client", "request_id": "SYSTEM", "correlation_id": "SYSTEM", "message": "Fetching current weather for Karachi", "module": "weather_client", "line": 149}
{"timestamp": "2026-07-16T11:02:01.478004+00:00", "level": "INFO", "logger": "src.ingestion.weather_client", "request_id": "SYSTEM", "correlation_id": "SYSTEM", "message": "Fetching current weather for Karachi", "module": "weather_client", "line": 149}
{"timestamp": "2026-07-16T11:02:01.629249+00:00", "level": "INFO", "logger": "src.ingestion.weather_client", "request_id": "SYSTEM", "correlation_id": "SYSTEM", "message": "Fetching forecast for Karachi", "module": "weather_client", "line": 173}
{"timestamp": "2026-07-16T11:02:01.779865+00:00", "level": "INFO", "logger": "src.ingestion.weather_client", "request_id": "SYSTEM", "correlation_id": "SYSTEM", "message": "Fetching forecast for Karachi", "module": "weather_client", "line": 173}
{"timestamp": "2026-07-16T11:02:01.932176+00:00", "level": "INFO", "logger": "src.ingestion.weather_client", "request_id": "SYSTEM", "correlation_id": "SYSTEM", "message": "Fetching pollution for Karachi (24.86, 67.0)", "module": "weather_client", "line": 205}
{"timestamp": "2026-07-16T11:02:02.078704+00:00", "level": "INFO", "logger": "src.ingestion.weather_client", "request_id": "SYSTEM", "correlation_id": "SYSTEM", "message": "Fetching pollution for Karachi (24.86, 67.0)", "module": "weather_client", "line": 205}
{"timestamp": "2026-07-16T11:02:02.398458+00:00", "level": "ERROR", "logger": "src.ingestion.weather_client", "request_id": "SYSTEM", "correlation_id": "SYSTEM", "message": "Batch error for Bad City: boom", "module": "weather_client", "line": 232}
{"timestamp": "2026-07-16T11:11:54.134419+00:00", "level": "INFO", "logger": "src.ingestion.aqi_client", "request_id": "SYSTEM", "correlation_id": "SYSTEM", "message": "Fetching AQI for Lahore", "module": "aqi_client", "line": 36}
{"timestamp": "2026-07-16T11:11:54.304265+00:00", "level": "INFO", "logger": "src.ingestion.aqi_client", "request_id": "SYSTEM", "correlation_id": "SYSTEM", "message": "Fetching AQI for Lahore", "module": "aqi_client", "line": 36}
{"timestamp": "2026-07-16T11:11:54.467594+00:00", "level": "INFO", "logger": "src.ingestion.aqi_client", "request_id": "SYSTEM", "correlation_id": "SYSTEM", "message": "Fetching AQI for Karachi", "module": "aqi_client", "line": 36}
{"timestamp": "2026-07-16T11:11:54.632927+00:00", "level": "INFO", "logger": "src.ingestion.aqi_client", "request_id": "SYSTEM", "correlation_id": "SYSTEM", "message": "Fetching AQI for Karachi", "module": "aqi_client", "line": 36}
{"timestamp": "2026-07-16T11:12:06.812580+00:00", "level": "INFO", "logger": "src.ingestion.aqi_client", "request_id": "SYSTEM", "correlation_id": "SYSTEM", "message": "Fetching AQI for Lahore", "module": "aqi_client", "line": 36}
{"timestamp": "2026-07-16T11:12:06.964198+00:00", "level": "INFO", "logger": "src.ingestion.aqi_client", "request_id": "SYSTEM", "correlation_id": "SYSTEM", "message": "Fetching AQI for Lahore", "module": "aqi_client", "line": 36}
{"timestamp": "2026-07-16T11:12:07.116282+00:00", "level": "INFO", "logger": "src.ingestion.aqi_client", "request_id": "SYSTEM", "correlation_id": "SYSTEM", "message": "Fetching AQI for Karachi", "module": "aqi_client", "line": 36}
{"timestamp": "2026-07-16T11:12:07.275981+00:00", "level": "INFO", "logger": "src.ingestion.aqi_client", "request_id": "SYSTEM", "correlation_id": "SYSTEM", "message": "Fetching AQI for Karachi", "module": "aqi_client", "line": 36}
{"timestamp": "2026-07-16T11:12:18.883381+00:00", "level": "INFO", "logger": "api", "request_id": "SYSTEM", "correlation_id": "SYSTEM", "message": "Weather API Called", "module": "test_logger", "line": 7}
